ICAO24, Callsign, GA_Time, L_Time, Runway, Heading, Alt, Lat,                       Lon, gapt, rocvar, hdgvar, latvar, lonvar, gspvar,                       Temp, Dewp, Wind_Spd, Wind_Gust, Wind_Dir,Cld_Base,                      CB, Vis, Pressure
04c147,KQA204,2019/08/10 00:21:24,2019/08/10 00:19:25,27,263.9909940425055,1347.6201812316162,19.08824157714844,72.8559820992606,370,1.3554425701202464,0.0027863795136474465,3.5391823044835526e-06,0.00021195186832100995,0.03189928263824995,28.0,25.0,10.0,20.0,240.0,1800.0,0,2500.0,1000.0
