ICAO24, Callsign, GA_Time, L_Time, Runway, gapt, rocvar,                       hdgvar, latvar, lonvar, gspvar,                       Temp, Dewp, Wind_Spd, Wind_Gust, Wind_Dir,Cld_Base,                      CB, Vis, Pressure
8005ee,AIC317,2019/08/10 00:26:12,2019/08/10 00:16:54,27,0,1.5964404850235485,0.0006783574870077095,2.4668402388350134e-06,0.0001930544997218994,0.11175369742826806,28.0,25.0,10.0,20.0,240.0,1800.0,0,2500.0,1000.0
800732,AIC124,2019/08/10 00:05:45,2019/08/10 00:00:01,27,0,1.4635712542703654,0.009514184629520878,2.7480109772978474e-06,0.00019246633015406858,0.026726124191242435,28.0,25.0,10.0,20.0,230.0,1800.0,0,2500.0,1000.0
800bb6,IGO218,2019/08/10 00:45:44,2019/08/10 00:38:25,27,0,0.7520124217363429,0.00612862439723081,2.324620750136083e-06,0.00016878190829216932,0.04790138895453693,28.0,25.0,11.0,21.0,250.0,1200.0,0,2500.0,1000.0
800c69,GOW030,2019/08/10 00:08:06,2019/08/10 00:00:01,27,0,0.8958133916464194,0.00029074779492562153,2.0333079803969063e-06,0.0001726147052984897,0.036253078686998626,28.0,25.0,10.0,20.0,230.0,1800.0,0,2500.0,1000.0
800c71,IGO456,2019/08/10 00:48:02,2019/08/10 00:41:43,27,0,0.950105112352263,0.011971063410794125,2.681003129011264e-06,0.00020661348328495407,0.09270944570168702,28.0,25.0,11.0,21.0,250.0,1200.0,0,2500.0,1000.0
800dac,IGO235,2019/08/10 00:32:31,2019/08/10 00:24:02,27,0,0.8887419529611325,0.01015078239663644,2.1995557883975666e-06,0.00015366319326703428,0.05454545454545455,28.0,25.0,10.0,20.0,240.0,1800.0,0,2500.0,1000.0
